xFormers not available
xFormers not available
/home/chrceu/Desktop/master/1-2/CV/final/final_proect/experiments/evaluate_da2k.py:38: FutureWarning: You are using `torch.load` with `weights_only=False` (the current default value), which uses the default pickle module implicitly. It is possible to construct malicious pickle data which will execute arbitrary code during unpickling (See https://github.com/pytorch/pytorch/blob/main/SECURITY.md#untrusted-models for more details). In a future release, the default value for `weights_only` will be flipped to `True`. This limits the functions that could be executed during unpickling. Arbitrary objects will no longer be allowed to be loaded via this mode unless they are explicitly allowlisted by the user via `torch.serialization.add_safe_globals`. We recommend you start setting `weights_only=True` for any use case where you don't have full control of the loaded file. Please open an issue on GitHub for any issues related to this experimental feature.
  model.load_state_dict(torch.load(checkpoint, map_location="cpu"))
processed 50/1033 images, pairs=106, acc=96.23
processed 100/1033 images, pairs=207, acc=95.17
processed 150/1033 images, pairs=304, acc=94.41
processed 200/1033 images, pairs=423, acc=94.56
processed 250/1033 images, pairs=546, acc=94.87
processed 300/1033 images, pairs=664, acc=95.33
processed 350/1033 images, pairs=795, acc=95.97
processed 400/1033 images, pairs=890, acc=95.73
processed 450/1033 images, pairs=1002, acc=95.81
processed 500/1033 images, pairs=1079, acc=96.01
processed 550/1033 images, pairs=1173, acc=96.25
processed 600/1033 images, pairs=1266, acc=96.45
processed 650/1033 images, pairs=1355, acc=96.53
processed 700/1033 images, pairs=1459, acc=96.50
processed 750/1033 images, pairs=1555, acc=96.53
processed 800/1033 images, pairs=1648, acc=96.66
processed 850/1033 images, pairs=1750, acc=96.80
processed 900/1033 images, pairs=1852, acc=96.98
processed 950/1033 images, pairs=1945, acc=97.02
processed 1000/1033 images, pairs=2018, acc=97.03

DA-2K accuracy
encoder: vitl
images: 1033
pairs: 2068
mean: 97.10
adverse_style: 97.26 (319/328)
aerial: 99.48 (193/194)
indoor: 96.19 (404/420)
non_real: 99.01 (300/303)
object: 97.97 (145/148)
outdoor: 94.48 (325/344)
transparent_reflective: 96.26 (206/214)
underwater: 99.15 (116/117)
